[INFO]: Editor settings were loaded successfully!
[INFO]: Supported GL Extensions: {"GL_EXT_vertex_attrib_64bit", "GL_ARB_fragment_shader_interlock", "GL_NV_copy_image", "GL_EXT_provoking_vertex", "GL_EXT_shader_integer_mix", "GL_EXT_texture_shared_exponent", "GL_NV_packed_depth_stencil", "GL_EXT_memory_object_fd", "GL_ARB_get_program_binary", "GL_AMD_vertex_shader_layer", "GL_ARB_shader_bit_encoding", "GL_ARB_texture_stencil8", "GL_INTEL_blackhole_render", "GL_ARB_texture_compression_rgtc", "GL_ARB_texture_border_clamp", "GL_ARB_vertex_type_2_10_10_10_rev", "GL_ARB_ES2_compatibility", "GL_EXT_framebuffer_multisample", "GL_EXT_texture_array", "GL_NV_fragment_shader_interlock", "GL_ARB_stencil_texturing", "GL_ARB_shading_language_include", "GL_ARB_framebuffer_sRGB", "GL_3DFX_texture_compression_FXT1", "GL_ARB_transform_feedback_overflow_query", "GL_EXT_polygon_offset_clamp", "GL_EXT_shader_clock", "GL_ARB_shader_clock", "GL_ARB_pipeline_statistics_query", "GL_ARB_base_instance", "GL_ARB_draw_instanced", "GL_ARB_enhanced_layouts", "GL_ARB_indirect_parameters", "GL_EXT_semaphore", "GL_EXT_packed_depth_stencil", "GL_EXT_framebuffer_multisample_blit_scaled", "GL_ARB_conservative_depth", "GL_ARB_shader_objects", "GL_ARB_transform_feedback2", "GL_AMD_texture_texture4", "GL_ARB_vertex_buffer_object", "GL_ARB_shader_draw_parameters", "GL_EXT_pixel_buffer_object", "GL_ARB_ES3_2_compatibility", "GL_EXT_abgr", "GL_EXT_EGL_image_storage_compression", "GL_NV_alpha_to_coverage_dither_control", "GL_AMD_query_buffer_object", "GL_ARB_occlusion_query2", "GL_ARB_post_depth_coverage", "GL_ARB_transform_feedback_instanced", "GL_IBM_multimode_draw_arrays", "GL_EXT_EGL_sync", "GL_ARB_texture_mirror_clamp_to_edge", "GL_ARB_texture_buffer_range", "GL_ARB_texture_filter_anisotropic", "GL_ARB_cull_distance", "GL_EXT_texture_compression_rgtc", "GL_ARB_fragment_layer_viewport", "GL_ARB_tessellation_shader", "GL_ARB_texture_storage_multisample", "GL_AMD_performance_monitor", "GL_EXT_shader_samples_identical", "GL_ARB_invalidate_subdata", "GL_ARB_texture_view", "GL_KHR_texture_compression_astc_sliced_3d", "GL_EXT_transform_feedback", "GL_EXT_texture_sRGB_decode", "GL_ARB_explicit_uniform_location", "GL_KHR_blend_equation_advanced", "GL_ARB_polygon_offset_clamp", "GL_ARB_query_buffer_object", "GL_ARB_compute_variable_group_size", "GL_ARB_sample_shading", "GL_KHR_robustness", "GL_MESA_pack_invert", "GL_ARB_multi_draw_indirect", "GL_ARB_shader_atomic_counter_ops", "GL_ARB_texture_gather", "GL_ARB_gpu_shader5", "GL_ARB_transform_feedback3", "GL_ARB_gpu_shader_int64", "GL_EXT_framebuffer_sRGB", "GL_ARB_shader_texture_lod", "GL_ARB_vertex_array_bgra", "GL_AMD_depth_clamp_separate", "GL_OES_EGL_image", "GL_EXT_texture_sRGB_R8", "GL_ARB_point_sprite", "GL_ARB_ES3_compatibility", "GL_ARB_blend_func_extended", "GL_EXT_debug_label", "GL_ARB_internalformat_query", "GL_ARB_shader_precision", "GL_ARB_texture_storage", "GL_ARB_vertex_attrib_64bit", "GL_NV_conditional_render", "GL_ARB_get_texture_sub_image", "GL_ARB_vertex_array_object", "GL_EXT_blend_equation_separate", "GL_ARB_half_float_pixel", "GL_ARB_shader_image_load_store", "GL_S3_s3tc", "GL_ARB_shader_subroutine", "GL_ARB_buffer_storage", "GL_ARB_gl_spirv", "GL_AMD_multi_draw_indirect", "GL_MESA_texture_const_bandwidth", "GL_EXT_texture_integer", "GL_ARB_texture_non_power_of_two", "GL_ARB_texture_query_levels", "GL_ARB_map_buffer_range", "GL_ARB_derivative_control", "GL_ARB_parallel_shader_compile", "GL_ARB_texture_rectangle", "GL_EXT_framebuffer_object", "GL_EXT_memory_object", "GL_NV_texture_barrier", "GL_KHR_texture_compression_astc_ldr", "GL_ARB_vertex_attrib_binding", "GL_EXT_shader_framebuffer_fetch_non_coherent", "GL_MESA_shader_integer_functions", "GL_ARB_explicit_attrib_location", "GL_EXT_vertex_array_bgra", "GL_ARB_shader_texture_image_samples", "GL_ARB_seamless_cube_map", "GL_ARB_texture_rg", "GL_ARB_framebuffer_object", "GL_ARB_texture_multisample", "GL_EXT_demote_to_helper_invocation", "GL_KHR_context_flush_control", "GL_ARB_shader_viewport_layer_array", "GL_INTEL_performance_query", "GL_ARB_compressed_texture_pixel_storage", "GL_ARB_instanced_arrays", "GL_ARB_clear_buffer_object", "GL_AMD_conservative_depth", "GL_ARB_shader_ballot", "GL_NV_compute_shader_derivatives", "GL_AMD_draw_buffers_blend", "GL_EXT_shader_framebuffer_fetch", "GL_EXT_texture_compression_s3tc", "GL_EXT_texture_sRGB", "GL_ARB_seamless_cubemap_per_texture", "GL_KHR_blend_equation_advanced_coherent", "GL_ARB_texture_rgb10_a2ui", "GL_INTEL_conservative_rasterization", "GL_ARB_multi_bind", "GL_INTEL_shader_atomic_float_minmax", "GL_ARB_depth_clamp", "GL_ARB_shading_language_420pack", "GL_ARB_draw_indirect", "GL_ARB_debug_output", "GL_ARB_texture_barrier", "GL_ARB_spirv_extensions", "GL_ARB_timer_query", "GL_ARB_sampler_objects", "GL_ARB_texture_query_lod", "GL_EXT_depth_bounds_test", "GL_EXT_texture_snorm", "GL_EXT_texture_storage", "GL_MESA_framebuffer_flip_y", "GL_ARB_compute_shader", "GL_ARB_vertex_shader", "GL_ARB_texture_buffer_object_rgb32", "GL_AMD_vertex_shader_viewport_index", "GL_ARB_copy_buffer", "GL_ARB_sync", "GL_ANGLE_texture_compression_dxt5", "GL_ARB_texture_buffer_object", "GL_ARB_copy_image", "GL_ARB_separate_shader_objects", "GL_AMD_shader_stencil_export", "GL_ARB_provoking_vertex", "GL_ARB_robustness", "GL_EXT_texture_shadow_lod", "GL_ARB_shader_group_vote", "GL_ARB_texture_swizzle", "GL_ANGLE_texture_compression_dxt3", "GL_EXT_draw_buffers2", "GL_ARB_clear_texture", "GL_KHR_no_error", "GL_AMD_gpu_shader_int64", "GL_EXT_texture_swizzle", "GL_ARB_shader_storage_buffer_object", "GL_EXT_framebuffer_blit", "GL_ARB_vertex_type_10f_11f_11f_rev", "GL_ARB_viewport_array", "GL_ARB_texture_float", "GL_NV_depth_clamp", "GL_ARB_ES3_1_compatibility", "GL_EXT_timer_query", "GL_ARB_draw_elements_base_vertex", "GL_ARB_pixel_buffer_object", "GL_ARB_texture_compression_bptc", "GL_ARB_shader_stencil_export", "GL_EXT_EGL_image_storage", "GL_ARB_map_buffer_alignment", "GL_ARB_direct_state_access", "GL_ATI_texture_float", "GL_EXT_texture_compression_dxt1", "GL_ATI_blend_equation_separate", "GL_ARB_arrays_of_arrays", "GL_KHR_debug", "GL_ARB_uniform_buffer_object", "GL_AMD_seamless_cubemap_per_texture", "GL_ARB_internalformat_query2", "GL_ARB_draw_buffers", "GL_ARB_shader_image_size", "GL_ARB_gpu_shader_fp64", "GL_AMD_shader_trinary_minmax", "GL_ARB_conditional_render_inverted", "GL_ARB_program_interface_query", "GL_ARB_draw_buffers_blend", "GL_ARB_shading_language_packing", "GL_EXT_draw_instanced", "GL_INTEL_shader_integer_functions2", "GL_ARB_framebuffer_no_attachments", "GL_EXT_semaphore_fd", "GL_EXT_texture_filter_anisotropic", "GL_ARB_half_float_vertex", "GL_ARB_shader_atomic_counters", "GL_ARB_depth_buffer_float", "GL_ARB_fragment_shader", "GL_ARB_texture_cube_map_array", "GL_ARB_robust_buffer_access_behavior", "GL_AMD_pinned_memory", "GL_ARB_fragment_coord_conventions", "GL_ARB_clip_control", "GL_KHR_robust_buffer_access_behavior", "GL_MESA_texture_signed_rgba", "GL_EXT_packed_float", "GL_KHR_parallel_shader_compile"}
[INFO]: Shader StandardShader_GBuffer_VertexShader compiled successfully!
[INFO]: Shader StandardShader_GBuffer_FragmentShader compiled successfully!
[INFO]: Shader StandardShader_GBuffer linked successfully!
[INFO]: Shader StandardShader_Forward_VertexShader compiled successfully!
[INFO]: Shader StandardShader_Forward_FragmentShader compiled successfully!
[INFO]: Shader StandardShader_Forward linked successfully!
[INFO]: Shader StandardShader_DirectionalShadow_VertexShader compiled successfully!
[INFO]: Shader StandardShader_DirectionalShadow_FragmentShader compiled successfully!
[INFO]: Shader StandardShader_DirectionalShadow linked successfully!
[INFO]: Shader StandardShader_SpotShadow_VertexShader compiled successfully!
[INFO]: Shader StandardShader_SpotShadow_FragmentShader compiled successfully!
[INFO]: Shader StandardShader_SpotShadow linked successfully!
[INFO]: Shader StandardShader_PointShadow_VertexShader compiled successfully!
[INFO]: Shader StandardShader_PointShadow_FragmentShader compiled successfully!
[INFO]: Shader StandardShader_PointShadow linked successfully!
[INFO]: Shader Standard2DShader_Forward_VertexShader compiled successfully!
[INFO]: Shader Standard2DShader_Forward_FragmentShader compiled successfully!
[INFO]: Shader Standard2DShader_Forward linked successfully!
[INFO]: Shader StandardParticleSystemShader_Forward_VertexShader compiled successfully!
[INFO]: Shader StandardParticleSystemShader_Forward_FragmentShader compiled successfully!
[INFO]: Shader StandardParticleSystemShader_Forward linked successfully!
[INFO]: Shader StandardSpriteShader_Forward_VertexShader compiled successfully!
[INFO]: Shader StandardSpriteShader_Forward_FragmentShader compiled successfully!
[INFO]: Shader StandardSpriteShader_Forward linked successfully!
[INFO]: Shader StandardTerrainShader_GBuffer_VertexShader compiled successfully!
[INFO]: Shader StandardTerrainShader_GBuffer_FragmentShader compiled successfully!
[INFO]: Shader StandardTerrainShader_GBuffer linked successfully!
[INFO]: Shader StandardTerrainShader_Forward_VertexShader compiled successfully!
[INFO]: Shader StandardTerrainShader_Forward_FragmentShader compiled successfully!
[INFO]: Shader StandardTerrainShader_Forward linked successfully!
[INFO]: Shader StandardTerrainShader_SpotShadow_VertexShader compiled successfully!
[INFO]: Shader StandardTerrainShader_SpotShadow_FragmentShader compiled successfully!
[INFO]: Shader StandardTerrainShader_SpotShadow linked successfully!
[INFO]: Shader StandardTerrainShader_DirectionalShadow_VertexShader compiled successfully!
[INFO]: Shader StandardTerrainShader_DirectionalShadow_FragmentShader compiled successfully!
[INFO]: Shader StandardTerrainShader_DirectionalShadow linked successfully!
[INFO]: Shader StandardTerrainShader_PointShadow_VertexShader compiled successfully!
[INFO]: Shader StandardTerrainShader_PointShadow_FragmentShader compiled successfully!
[INFO]: Shader StandardTerrainShader_PointShadow linked successfully!
[INFO]: Shader StandardTwoSidesShader_GBuffer_VertexShader compiled successfully!
[INFO]: Shader StandardTwoSidesShader_GBuffer_FragmentShader compiled successfully!
[INFO]: Shader StandardTwoSidesShader_GBuffer linked successfully!
[INFO]: Shader StandardTwoSidesShader_Forward_VertexShader compiled successfully!
[INFO]: Shader StandardTwoSidesShader_Forward_FragmentShader compiled successfully!
[INFO]: Shader StandardTwoSidesShader_Forward linked successfully!
[INFO]: Shader StandardTwoSidesShader_DirectionalShadow_VertexShader compiled successfully!
[INFO]: Shader StandardTwoSidesShader_DirectionalShadow_FragmentShader compiled successfully!
[INFO]: Shader StandardTwoSidesShader_DirectionalShadow linked successfully!
[INFO]: Shader StandardTwoSidesShader_SpotShadow_VertexShader compiled successfully!
[INFO]: Shader StandardTwoSidesShader_SpotShadow_FragmentShader compiled successfully!
[INFO]: Shader StandardTwoSidesShader_SpotShadow linked successfully!
[INFO]: Shader StandardTwoSidesShader_PointShadow_VertexShader compiled successfully!
[INFO]: Shader StandardTwoSidesShader_PointShadow_FragmentShader compiled successfully!
[INFO]: Shader StandardTwoSidesShader_PointShadow linked successfully!
[INFO]: Shader BlurShader_VertexShader compiled successfully!
[INFO]: Shader BlurShader_FragmentShader compiled successfully!
[INFO]: Shader BlurShader linked successfully!
[INFO]: Shader SsaoShader_VertexShader compiled successfully!
[INFO]: Shader SsaoShader_FragmentShader compiled successfully!
[INFO]: Shader SsaoShader linked successfully!
[INFO]: Shader SpotLightShader_VertexShader compiled successfully!
[INFO]: Shader SpotLightShader_FragmentShader compiled successfully!
[INFO]: Shader SpotLightShader linked successfully!
[INFO]: Shader PointLightShader_VertexShader compiled successfully!
[INFO]: Shader PointLightShader_FragmentShader compiled successfully!
[INFO]: Shader PointLightShader linked successfully!
[INFO]: Shader DirectionalLightShader_VertexShader compiled successfully!
[INFO]: Shader DirectionalLightShader_FragmentShader compiled successfully!
[INFO]: Shader DirectionalLightShader linked successfully!
[INFO]: Shader AmbientLightShader_VertexShader compiled successfully!
[INFO]: Shader AmbientLightShader_FragmentShader compiled successfully!
[INFO]: Shader AmbientLightShader linked successfully!
[INFO]: Shader FlatShader_VertexShader compiled successfully!
[INFO]: Shader FlatShader_FragmentShader compiled successfully!
[INFO]: Shader FlatShader linked successfully!
[INFO]: Shader SkyboxShader_VertexShader compiled successfully!
[INFO]: Shader SkyboxShader_FragmentShader compiled successfully!
[INFO]: Shader SkyboxShader linked successfully!
[INFO]: Shader SpotVolumetricLight_VertexShader compiled successfully!
[INFO]: Shader SpotVolumetricLight_FragmentShader compiled successfully!
[INFO]: Shader SpotVolumetricLight linked successfully!
[INFO]: Shader PointVolumetricLight_VertexShader compiled successfully!
[INFO]: Shader PointVolumetricLight_FragmentShader compiled successfully!
[INFO]: Shader PointVolumetricLight linked successfully!
[INFO]: Shader FlatShader_VertexShader compiled successfully!
[INFO]: Shader FlatShader_FragmentShader compiled successfully!
[INFO]: Shader FlatShader linked successfully!
[INFO]: Shader FlatShader_VertexShader compiled successfully!
[INFO]: Shader FlatShader_FragmentShader compiled successfully!
[INFO]: Shader FlatShader linked successfully!
[INFO]: Shader UIShader_VertexShader compiled successfully!
[INFO]: Shader UIShader_FragmentShader compiled successfully!
[INFO]: Shader UIShader linked successfully!
[INFO]: Shader DebugShader_VertexShader compiled successfully!
[INFO]: Shader DebugShader_FragmentShader compiled successfully!
[INFO]: Shader DebugShader linked successfully!
[INFO]: Shader FXAAShader_VertexShader compiled successfully!
[INFO]: Shader FXAAShader_FragmentShader compiled successfully!
[INFO]: Shader FXAAShader linked successfully!
[INFO]: UI scaling of your OS is: 1
[INFO]: Shader OverlayShader_VertexShader compiled successfully!
[INFO]: Shader OverlayShader_FragmentShader compiled successfully!
[INFO]: Shader OverlayShader linked successfully!
[INFO]: Graphics settings were applied successfully!
[INFO]: Shader BlurShader_VertexShader compiled successfully!
[INFO]: Shader BlurShader_FragmentShader compiled successfully!
[INFO]: Shader BlurShader linked successfully!
[INFO]: Shader SsaoShader_VertexShader compiled successfully!
[INFO]: Shader SsaoShader_FragmentShader compiled successfully!
[INFO]: Shader SsaoShader linked successfully!
[INFO]: A new associated scene rendering data was created for scene 0:1!
[INFO]: Shader DecalShader_VertexShader compiled successfully!
[INFO]: Shader DecalShader_FragmentShader compiled successfully!
[INFO]: Shader DecalShader linked successfully!
[INFO]: Shader AdaptationShader_VertexShader compiled successfully!
[INFO]: Shader AdaptationShader_FragmentShader compiled successfully!
[INFO]: Shader AdaptationShader linked successfully!
[INFO]: Shader LuminanceShader_VertexShader compiled successfully!
[INFO]: Shader LuminanceShader_FragmentShader compiled successfully!
[INFO]: Shader LuminanceShader linked successfully!
[INFO]: Shader DownscaleShader_VertexShader compiled successfully!
[INFO]: Shader DownscaleShader_FragmentShader compiled successfully!
[INFO]: Shader DownscaleShader linked successfully!
[INFO]: Shader HdrToLdrShader_VertexShader compiled successfully!
[INFO]: Shader HdrToLdrShader_FragmentShader compiled successfully!
[INFO]: Shader HdrToLdrShader linked successfully!
[INFO]: Shader BloomShader_VertexShader compiled successfully!
[INFO]: Shader BloomShader_FragmentShader compiled successfully!
[INFO]: Shader BloomShader linked successfully!
[INFO]: Shader GaussianBlurShader_VertexShader compiled successfully!
[INFO]: Shader GaussianBlurShader_FragmentShader compiled successfully!
[INFO]: Shader GaussianBlurShader linked successfully!
[INFO]: A new associated scene rendering data was created for scene 1:1!
[INFO]: Shader DecalShader_VertexShader compiled successfully!
[INFO]: Shader DecalShader_FragmentShader compiled successfully!
[INFO]: Shader DecalShader linked successfully!
[INFO]: Shader AdaptationShader_VertexShader compiled successfully!
[INFO]: Shader AdaptationShader_FragmentShader compiled successfully!
[INFO]: Shader AdaptationShader linked successfully!
[INFO]: Shader LuminanceShader_VertexShader compiled successfully!
[INFO]: Shader LuminanceShader_FragmentShader compiled successfully!
[INFO]: Shader LuminanceShader linked successfully!
[INFO]: Shader DownscaleShader_VertexShader compiled successfully!
[INFO]: Shader DownscaleShader_FragmentShader compiled successfully!
[INFO]: Shader DownscaleShader linked successfully!
[INFO]: Shader HdrToLdrShader_VertexShader compiled successfully!
[INFO]: Shader HdrToLdrShader_FragmentShader compiled successfully!
[INFO]: Shader HdrToLdrShader linked successfully!
[INFO]: Shader BloomShader_VertexShader compiled successfully!
[INFO]: Shader BloomShader_FragmentShader compiled successfully!
[INFO]: Shader BloomShader linked successfully!
[INFO]: Shader GaussianBlurShader_VertexShader compiled successfully!
[INFO]: Shader GaussianBlurShader_FragmentShader compiled successfully!
[INFO]: Shader GaussianBlurShader linked successfully!
[INFO]: A new associated scene rendering data was created for scene 2:1!
[INFO]: Shader DecalShader_VertexShader compiled successfully!
[INFO]: Shader DecalShader_FragmentShader compiled successfully!
[INFO]: Shader DecalShader linked successfully!
[INFO]: Shader AdaptationShader_VertexShader compiled successfully!
[INFO]: Shader AdaptationShader_FragmentShader compiled successfully!
[INFO]: Shader AdaptationShader linked successfully!
[INFO]: Shader LuminanceShader_VertexShader compiled successfully!
[INFO]: Shader LuminanceShader_FragmentShader compiled successfully!
[INFO]: Shader LuminanceShader linked successfully!
[INFO]: Shader DownscaleShader_VertexShader compiled successfully!
[INFO]: Shader DownscaleShader_FragmentShader compiled successfully!
[INFO]: Shader DownscaleShader linked successfully!
[INFO]: Shader HdrToLdrShader_VertexShader compiled successfully!
[INFO]: Shader HdrToLdrShader_FragmentShader compiled successfully!
[INFO]: Shader HdrToLdrShader linked successfully!
[INFO]: Shader BloomShader_VertexShader compiled successfully!
[INFO]: Shader BloomShader_FragmentShader compiled successfully!
[INFO]: Shader BloomShader linked successfully!
[INFO]: Shader GaussianBlurShader_VertexShader compiled successfully!
[INFO]: Shader GaussianBlurShader_FragmentShader compiled successfully!
[INFO]: Shader GaussianBlurShader linked successfully!
[INFO]: Editor settings were reloaded successfully!
[INFO]: Graphics settings were applied successfully!
[INFO]: New working directory was successfully set: "/home/qwantum/Downloads/BunnyhopGame"
[WARNING]: Unable to load script instance of id 5e5f5d29-a9a9-447e-8010-9f413d9f6efb in new format! Trying to load in old format...
[WARNING]: Unable to load script instance of id 1a296833-770e-411f-9205-cc5d29f2d8af in new format! Trying to load in old format...
[ERROR]: Unable to visit script. Reason: FieldDoesNotExist("IsOnAir")
[WARNING]: Unable to load options file data/assets/textures/brick_wall.png.options for data/assets/textures/brick_wall.png resource, fallback to defaults! Reason: Io(Os { code: 2, kind: NotFound, message: "No such file or directory" })
[INFO]: SceneLoader::finish() - Collecting resources used by the scene...
[INFO]: Resource data/assets/textures/brick_wall.png was loaded successfully!
[INFO]: SceneLoader::finish() - 19 resources collected. Waiting them to load...
[INFO]: SceneLoader::finish() - All 19 resources have finished loading.
[INFO]: Starting resolve...
[INFO]: Resolving graph...
[INFO]: Original handles resolved!
[INFO]: Checking integrity...
[INFO]: Integrity restored for 0 instances! 0 new nodes were added!
[INFO]: Graph resolved successfully!
[INFO]: Resolve succeeded!
[INFO]: Associated scene rendering data was re-created for scene 1:1, because render frame size was changed. Old is 250x250, new 1x1!
[INFO]: Shader DecalShader_VertexShader compiled successfully!
[INFO]: Shader DecalShader_FragmentShader compiled successfully!
[INFO]: Shader DecalShader linked successfully!
[INFO]: Shader AdaptationShader_VertexShader compiled successfully!
[INFO]: Shader AdaptationShader_FragmentShader compiled successfully!
[INFO]: Shader AdaptationShader linked successfully!
[INFO]: Shader LuminanceShader_VertexShader compiled successfully!
[INFO]: Shader LuminanceShader_FragmentShader compiled successfully!
[INFO]: Shader LuminanceShader linked successfully!
[INFO]: Shader DownscaleShader_VertexShader compiled successfully!
[INFO]: Shader DownscaleShader_FragmentShader compiled successfully!
[INFO]: Shader DownscaleShader linked successfully!
[INFO]: Shader HdrToLdrShader_VertexShader compiled successfully!
[INFO]: Shader HdrToLdrShader_FragmentShader compiled successfully!
[INFO]: Shader HdrToLdrShader linked successfully!
[INFO]: Shader BloomShader_VertexShader compiled successfully!
[INFO]: Shader BloomShader_FragmentShader compiled successfully!
[INFO]: Shader BloomShader linked successfully!
[INFO]: Shader GaussianBlurShader_VertexShader compiled successfully!
[INFO]: Shader GaussianBlurShader_FragmentShader compiled successfully!
[INFO]: Shader GaussianBlurShader linked successfully!
[INFO]: Associated scene rendering data was re-created for scene 2:1, because render frame size was changed. Old is 350x400, new 1x1!
[INFO]: Shader DecalShader_VertexShader compiled successfully!
[INFO]: Shader DecalShader_FragmentShader compiled successfully!
[INFO]: Shader DecalShader linked successfully!
[INFO]: Shader AdaptationShader_VertexShader compiled successfully!
[INFO]: Shader AdaptationShader_FragmentShader compiled successfully!
[INFO]: Shader AdaptationShader linked successfully!
[INFO]: Shader LuminanceShader_VertexShader compiled successfully!
[INFO]: Shader LuminanceShader_FragmentShader compiled successfully!
[INFO]: Shader LuminanceShader linked successfully!
[INFO]: Shader DownscaleShader_VertexShader compiled successfully!
[INFO]: Shader DownscaleShader_FragmentShader compiled successfully!
[INFO]: Shader DownscaleShader linked successfully!
[INFO]: Shader HdrToLdrShader_VertexShader compiled successfully!
[INFO]: Shader HdrToLdrShader_FragmentShader compiled successfully!
[INFO]: Shader HdrToLdrShader linked successfully!
[INFO]: Shader BloomShader_VertexShader compiled successfully!
[INFO]: Shader BloomShader_FragmentShader compiled successfully!
[INFO]: Shader BloomShader linked successfully!
[INFO]: Shader GaussianBlurShader_VertexShader compiled successfully!
[INFO]: Shader GaussianBlurShader_FragmentShader compiled successfully!
[INFO]: Shader GaussianBlurShader linked successfully!
[INFO]: A new associated scene rendering data was created for scene 3:1!
[INFO]: Shader DecalShader_VertexShader compiled successfully!
[INFO]: Shader DecalShader_FragmentShader compiled successfully!
[INFO]: Shader DecalShader linked successfully!
[INFO]: Shader AdaptationShader_VertexShader compiled successfully!
[INFO]: Shader AdaptationShader_FragmentShader compiled successfully!
[INFO]: Shader AdaptationShader linked successfully!
[INFO]: Shader LuminanceShader_VertexShader compiled successfully!
[INFO]: Shader LuminanceShader_FragmentShader compiled successfully!
[INFO]: Shader LuminanceShader linked successfully!
[INFO]: Shader DownscaleShader_VertexShader compiled successfully!
[INFO]: Shader DownscaleShader_FragmentShader compiled successfully!
[INFO]: Shader DownscaleShader linked successfully!
[INFO]: Shader HdrToLdrShader_VertexShader compiled successfully!
[INFO]: Shader HdrToLdrShader_FragmentShader compiled successfully!
[INFO]: Shader HdrToLdrShader linked successfully!
[INFO]: Shader BloomShader_VertexShader compiled successfully!
[INFO]: Shader BloomShader_FragmentShader compiled successfully!
[INFO]: Shader BloomShader linked successfully!
[INFO]: Shader GaussianBlurShader_VertexShader compiled successfully!
[INFO]: Shader GaussianBlurShader_FragmentShader compiled successfully!
[INFO]: Shader GaussianBlurShader linked successfully!
[INFO]: Shader GizmoShader_Forward_VertexShader compiled successfully!
[INFO]: Shader GizmoShader_Forward_FragmentShader compiled successfully!
[INFO]: Shader GizmoShader_Forward linked successfully!
[INFO]: Native rigid body was created for node Player
[INFO]: Native collider was created for node Body Collider
[INFO]: Native collider was created for node Front Collider
[INFO]: Native collider was created for node Foot Collider
[INFO]: Native rigid body was created for node Floor
[INFO]: Native collider was created for node Collider
[INFO]: Native rigid body was created for node Spawn
[INFO]: Native collider was created for node Collider
[INFO]: Native rigid body was created for node Floor
[INFO]: Native collider was created for node Collider
[INFO]: Native rigid body was created for node Floor
[INFO]: Native collider was created for node Collider
[INFO]: Native rigid body was created for node Floor
[INFO]: Native collider was created for node Collider
[INFO]: Native rigid body was created for node Floor
[INFO]: Native collider was created for node Collider
[INFO]: Native rigid body was created for node Floor
[INFO]: Native collider was created for node Collider
[INFO]: Native rigid body was created for node Floor
[INFO]: Native collider was created for node Collider
[INFO]: Native rigid body was created for node Floor
[INFO]: Native collider was created for node Collider
[INFO]: Native rigid body was created for node Floor
[INFO]: Native collider was created for node Collider
[INFO]: Native rigid body was created for node Floor
[INFO]: Native collider was created for node Collider
[INFO]: Native rigid body was created for node Finish
[INFO]: Native collider was created for node Collider
[INFO]: Native rigid body was created for node Slider
[INFO]: Native collider was created for node Collider
[INFO]: Associated scene rendering data was re-created for scene 1:1, because render frame size was changed. Old is 1x1, new 244x108!
[INFO]: Shader DecalShader_VertexShader compiled successfully!
[INFO]: Shader DecalShader_FragmentShader compiled successfully!
[INFO]: Shader DecalShader linked successfully!
[INFO]: Shader AdaptationShader_VertexShader compiled successfully!
[INFO]: Shader AdaptationShader_FragmentShader compiled successfully!
[INFO]: Shader AdaptationShader linked successfully!
[INFO]: Shader LuminanceShader_VertexShader compiled successfully!
[INFO]: Shader LuminanceShader_FragmentShader compiled successfully!
[INFO]: Shader LuminanceShader linked successfully!
[INFO]: Shader DownscaleShader_VertexShader compiled successfully!
[INFO]: Shader DownscaleShader_FragmentShader compiled successfully!
[INFO]: Shader DownscaleShader linked successfully!
[INFO]: Shader HdrToLdrShader_VertexShader compiled successfully!
[INFO]: Shader HdrToLdrShader_FragmentShader compiled successfully!
[INFO]: Shader HdrToLdrShader linked successfully!
[INFO]: Shader BloomShader_VertexShader compiled successfully!
[INFO]: Shader BloomShader_FragmentShader compiled successfully!
[INFO]: Shader BloomShader linked successfully!
[INFO]: Shader GaussianBlurShader_VertexShader compiled successfully!
[INFO]: Shader GaussianBlurShader_FragmentShader compiled successfully!
[INFO]: Shader GaussianBlurShader linked successfully!
[INFO]: Associated scene rendering data was re-created for scene 3:1, because render frame size was changed. Old is 1x1, new 948x692!
[INFO]: Shader DecalShader_VertexShader compiled successfully!
[INFO]: Shader DecalShader_FragmentShader compiled successfully!
[INFO]: Shader DecalShader linked successfully!
[INFO]: Shader AdaptationShader_VertexShader compiled successfully!
[INFO]: Shader AdaptationShader_FragmentShader compiled successfully!
[INFO]: Shader AdaptationShader linked successfully!
[INFO]: Shader LuminanceShader_VertexShader compiled successfully!
[INFO]: Shader LuminanceShader_FragmentShader compiled successfully!
[INFO]: Shader LuminanceShader linked successfully!
[INFO]: Shader DownscaleShader_VertexShader compiled successfully!
[INFO]: Shader DownscaleShader_FragmentShader compiled successfully!
[INFO]: Shader DownscaleShader linked successfully!
[INFO]: Shader HdrToLdrShader_VertexShader compiled successfully!
[INFO]: Shader HdrToLdrShader_FragmentShader compiled successfully!
[INFO]: Shader HdrToLdrShader linked successfully!
[INFO]: Shader BloomShader_VertexShader compiled successfully!
[INFO]: Shader BloomShader_FragmentShader compiled successfully!
[INFO]: Shader BloomShader linked successfully!
[INFO]: Shader GaussianBlurShader_VertexShader compiled successfully!
[INFO]: Shader GaussianBlurShader_FragmentShader compiled successfully!
[INFO]: Shader GaussianBlurShader linked successfully!
[INFO]: Associated scene rendering data was re-created for scene 3:1, because render frame size was changed. Old is 948x692, new 944x690!
[INFO]: Shader DecalShader_VertexShader compiled successfully!
[INFO]: Shader DecalShader_FragmentShader compiled successfully!
[INFO]: Shader DecalShader linked successfully!
[INFO]: Shader AdaptationShader_VertexShader compiled successfully!
[INFO]: Shader AdaptationShader_FragmentShader compiled successfully!
[INFO]: Shader AdaptationShader linked successfully!
[INFO]: Shader LuminanceShader_VertexShader compiled successfully!
[INFO]: Shader LuminanceShader_FragmentShader compiled successfully!
[INFO]: Shader LuminanceShader linked successfully!
[INFO]: Shader DownscaleShader_VertexShader compiled successfully!
[INFO]: Shader DownscaleShader_FragmentShader compiled successfully!
[INFO]: Shader DownscaleShader linked successfully!
[INFO]: Shader HdrToLdrShader_VertexShader compiled successfully!
[INFO]: Shader HdrToLdrShader_FragmentShader compiled successfully!
[INFO]: Shader HdrToLdrShader linked successfully!
[INFO]: Shader BloomShader_VertexShader compiled successfully!
[INFO]: Shader BloomShader_FragmentShader compiled successfully!
[INFO]: Shader BloomShader linked successfully!
[INFO]: Shader GaussianBlurShader_VertexShader compiled successfully!
[INFO]: Shader GaussianBlurShader_FragmentShader compiled successfully!
[INFO]: Shader GaussianBlurShader linked successfully!
[ERROR]: Failed to build the game!
[INFO]: Scene data/scenes/scenario.rgs was successfully saved!
[INFO]: Settings were successfully saved!
